// Jest Snapshot v1, https://goo.gl/fbAQLP

exports[`SearchScreen tests renders <SearchScreen /> component 1`] = `
<div
  className="container-fluid mt-10 flex flex-col items-center"
>
  <form
    className="w-3/5"
    onSubmit={[Function]}
  >
    <div
      className="md:flex md:items-center mb-6"
    >
      <div
        className="md:w-1/3 flex justify-center"
      >
        <button
          className="bg-blue-500 hover:bg-blue-700 text-white font-bold py-2 px-4 rounded focus:outline-none focus:shadow-outline"
          type="button"
        >
          Search
        </button>
      </div>
      <div
        className="md:w-2/3"
      >
        <input
          className="shadow appearance-none border rounded w-full py-2 px-3 text-gray-700 leading-tight focus:outline-none focus:shadow-outline"
          id="inline-full-name"
          name="searchField"
          onChange={[Function]}
          type="text"
          value=""
        />
      </div>
    </div>
  </form>
  <div>
    <div
      className="bg-red-100 border border-red-400 text-red-700 px-4 py-3 rounded relative"
      role="alert"
    >
      <strong
        className="font-bold"
      >
        Search a hero!
      </strong>
    </div>
  </div>
  <div>
    <div
      className="w-full"
    >
      <section
        className="max-w-6xl mx-auto px-4 sm:px-6 lg:px-4 py-12"
      >
        <div
          className="grid grid-cols-1 sm:grid-cols-3 md:grid-cols-3 lg:grid-cols-4 gap-6"
        />
      </section>
    </div>
  </div>
</div>
`;
